// Vitest Snapshot v1, https://vitest.dev/guide/snapshot.html

exports[`playtest harness — drift guard > metrics snapshot (changing a balance constant must break this) 1`] = `
{
  "changeList": {
    "count": 7,
    "patch": {
      "ITEMS.cocoa.value": 86,
      "ITEMS.cut_gem.value": 86,
      "ITEMS.honey.value": 171,
      "ITEMS.horseshoe.value": 171,
      "ITEMS.ink.value": 86,
      "ITEMS.jade.value": 86,
      "ITEMS.pearls.value": 86,
    },
  },
  "home": {
    "chainCoinsPerRun": {
      "max": 58,
      "mean": 47.6,
      "median": 47,
      "min": 37,
    },
    "chainsPlayed": {
      "max": 10,
      "mean": 10,
      "median": 10,
      "min": 10,
    },
    "coinBand": {
      "coinsPerRunMean": 137.6,
      "target": [
        40,
        140,
      ],
      "verdict": "within",
      "zoneId": "home",
    },
    "coinsPerRun": {
      "max": 187,
      "mean": 137.6,
      "median": 129,
      "min": 117,
    },
    "coinsPerTurn": {
      "max": 18.7,
      "mean": 13.76,
      "median": 12.9,
      "min": 11.7,
    },
    "entered": 5,
    "resourceYieldMean": {
      "flour": 0.4,
      "hay_bundle": 2.6,
      "meat": 0.4,
      "soup": 0.2,
    },
    "runs": 5,
    "turnsPlayed": {
      "max": 10,
      "mean": 10,
      "median": 10,
      "min": 10,
    },
    "zoneId": "home",
  },
  "spread": {
    "entries": [
      {
        "flag": "high",
        "realizedValuePerTile": 160,
        "resourceKey": "pearls",
        "resourceValue": 800,
        "tilesPerResource": 5,
      },
      {
        "flag": "high",
        "realizedValuePerTile": 160,
        "resourceKey": "jade",
        "resourceValue": 800,
        "tilesPerResource": 5,
      },
      {
        "flag": "high",
        "realizedValuePerTile": 40,
        "resourceKey": "horseshoe",
        "resourceValue": 400,
        "tilesPerResource": 10,
      },
      {
        "flag": "high",
        "realizedValuePerTile": 32,
        "resourceKey": "cocoa",
        "resourceValue": 160,
        "tilesPerResource": 5,
      },
      {
        "flag": "high",
        "realizedValuePerTile": 32,
        "resourceKey": "ink",
        "resourceValue": 160,
        "tilesPerResource": 5,
      },
      {
        "flag": "high",
        "realizedValuePerTile": 30,
        "resourceKey": "honey",
        "resourceValue": 300,
        "tilesPerResource": 10,
      },
      {
        "flag": "high",
        "realizedValuePerTile": 22,
        "resourceKey": "cut_gem",
        "resourceValue": 110,
        "tilesPerResource": 5,
      },
      {
        "flag": "normal",
        "realizedValuePerTile": 16.6667,
        "resourceKey": "milk",
        "resourceValue": 100,
        "tilesPerResource": 6,
      },
      {
        "flag": "normal",
        "realizedValuePerTile": 12.8571,
        "resourceKey": "pie",
        "resourceValue": 90,
        "tilesPerResource": 7,
      },
      {
        "flag": "normal",
        "realizedValuePerTile": 8,
        "resourceKey": "fish_fillet",
        "resourceValue": 40,
        "tilesPerResource": 5,
      },
      {
        "flag": "normal",
        "realizedValuePerTile": 6.6667,
        "resourceKey": "silver_bar",
        "resourceValue": 40,
        "tilesPerResource": 6,
      },
      {
        "flag": "normal",
        "realizedValuePerTile": 5.7143,
        "resourceKey": "coke",
        "resourceValue": 40,
        "tilesPerResource": 7,
      },
      {
        "flag": "normal",
        "realizedValuePerTile": 4.2,
        "resourceKey": "meat",
        "resourceValue": 21,
        "tilesPerResource": 5,
      },
      {
        "flag": "normal",
        "realizedValuePerTile": 3.3333,
        "resourceKey": "soup",
        "resourceValue": 20,
        "tilesPerResource": 6,
      },
      {
        "flag": "normal",
        "realizedValuePerTile": 2.2,
        "resourceKey": "sea_shells",
        "resourceValue": 11,
        "tilesPerResource": 5,
      },
      {
        "flag": "low",
        "realizedValuePerTile": 1.8333,
        "resourceKey": "iron_bar",
        "resourceValue": 11,
        "tilesPerResource": 6,
      },
      {
        "flag": "low",
        "realizedValuePerTile": 1.8333,
        "resourceKey": "copper_bar",
        "resourceValue": 11,
        "tilesPerResource": 6,
      },
      {
        "flag": "low",
        "realizedValuePerTile": 1.8333,
        "resourceKey": "fish_oil",
        "resourceValue": 11,
        "tilesPerResource": 6,
      },
      {
        "flag": "low",
        "realizedValuePerTile": 1.6,
        "resourceKey": "flour",
        "resourceValue": 8,
        "tilesPerResource": 5,
      },
      {
        "flag": "low",
        "realizedValuePerTile": 1.25,
        "resourceKey": "block",
        "resourceValue": 10,
        "tilesPerResource": 8,
      },
      {
        "flag": "low",
        "realizedValuePerTile": 1,
        "resourceKey": "hay_bundle",
        "resourceValue": 6,
        "tilesPerResource": 6,
      },
      {
        "flag": "low",
        "realizedValuePerTile": 1,
        "resourceKey": "plank",
        "resourceValue": 6,
        "tilesPerResource": 6,
      },
      {
        "flag": "low",
        "realizedValuePerTile": 0.8333,
        "resourceKey": "eggs",
        "resourceValue": 5,
        "tilesPerResource": 6,
      },
    ],
    "flagged": true,
    "max": 160,
    "median": 5.7143,
    "min": 0.8333,
    "ratio": 192,
  },
}
`;
