// Vitest Snapshot v1, https://vitest.dev/guide/snapshot.html

exports[`campaign harness — drift guard > campaign metrics snapshot (a pacing change must break this) 1`] = `
{
  "chainCoinsPerRun": {
    "max": 74,
    "mean": 51.125,
    "median": 49,
    "min": 40,
    "stdev": 9.7524,
  },
  "coinMilestones": [
    {
      "kind": "coin",
      "label": "found settlement #2 (300c)",
      "runIndex": 2,
      "target": [
        2,
        12,
      ],
      "turns": 20,
      "verdict": "within",
    },
    {
      "kind": "coin",
      "label": "found settlement #3 (510c)",
      "runIndex": 6,
      "target": [
        4,
        20,
      ],
      "turns": 60,
      "verdict": "within",
    },
    {
      "kind": "coin",
      "label": "found settlement #4 (867c)",
      "runIndex": -1,
      "target": undefined,
      "turns": -1,
      "verdict": "unreached",
    },
    {
      "kind": "coin",
      "label": "found settlement #5 (1474c)",
      "runIndex": -1,
      "target": undefined,
      "turns": -1,
      "verdict": "unreached",
    },
  ],
  "finalBalance": 569,
  "finalTier": 0,
  "incomeTrendCorrelation": -0.6144,
  "netCoinsPerRun": {
    "max": 92,
    "mean": 52.375,
    "median": 39,
    "min": 23,
    "stdev": 29.1674,
  },
  "runs": [
    {
      "balanceAfter": 242,
      "chainCoins": 42,
      "netCoins": 92,
      "runIndex": 1,
      "tierAfter": 0,
      "turnsPlayed": 10,
    },
    {
      "balanceAfter": 332,
      "chainCoins": 40,
      "netCoins": 90,
      "runIndex": 2,
      "tierAfter": 0,
      "turnsPlayed": 10,
    },
    {
      "balanceAfter": 361,
      "chainCoins": 54,
      "netCoins": 29,
      "runIndex": 3,
      "tierAfter": 0,
      "turnsPlayed": 10,
    },
    {
      "balanceAfter": 384,
      "chainCoins": 48,
      "netCoins": 23,
      "runIndex": 4,
      "tierAfter": 0,
      "turnsPlayed": 10,
    },
    {
      "balanceAfter": 468,
      "chainCoins": 49,
      "netCoins": 84,
      "runIndex": 5,
      "tierAfter": 0,
      "turnsPlayed": 10,
    },
    {
      "balanceAfter": 517,
      "chainCoins": 74,
      "netCoins": 49,
      "runIndex": 6,
      "tierAfter": 0,
      "turnsPlayed": 10,
    },
    {
      "balanceAfter": 541,
      "chainCoins": 49,
      "netCoins": 24,
      "runIndex": 7,
      "tierAfter": 0,
      "turnsPlayed": 10,
    },
    {
      "balanceAfter": 569,
      "chainCoins": 53,
      "netCoins": 28,
      "runIndex": 8,
      "tierAfter": 0,
      "turnsPlayed": 10,
    },
  ],
  "runsPlayed": 8,
  "startCoins": 150,
  "tierStall": {
    "fromTier": 0,
    "missing": [
      {
        "have": 3,
        "key": "plank",
        "label": "Plank",
        "need": 5,
        "source": "farm",
      },
      {
        "have": 0,
        "key": "bread",
        "label": "Bread Loaf",
        "need": 10,
        "source": "crafted",
      },
      {
        "have": 3,
        "key": "eggs",
        "label": "Eggs",
        "need": 4,
        "source": "farm",
      },
    ],
    "toName": "Hamlet",
    "toTier": 1,
  },
}
`;

exports[`playtest harness — drift guard > metrics snapshot (changing a balance constant must break this) 1`] = `
{
  "changeList": {
    "count": 7,
    "patch": {
      "ITEMS.cocoa.value": 86,
      "ITEMS.cut_gem.value": 86,
      "ITEMS.honey.value": 171,
      "ITEMS.horseshoe.value": 171,
      "ITEMS.ink.value": 86,
      "ITEMS.jade.value": 86,
      "ITEMS.pearls.value": 103,
    },
  },
  "home": {
    "chainCoinsPerRun": {
      "max": 58,
      "mean": 47.6,
      "median": 47,
      "min": 37,
    },
    "chainsPlayed": {
      "max": 10,
      "mean": 10,
      "median": 10,
      "min": 10,
    },
    "coinBand": {
      "coinsPerRunMean": 137.6,
      "target": [
        40,
        140,
      ],
      "verdict": "within",
      "zoneId": "home",
    },
    "coinsPerRun": {
      "max": 187,
      "mean": 137.6,
      "median": 129,
      "min": 117,
    },
    "coinsPerTurn": {
      "max": 18.7,
      "mean": 13.76,
      "median": 12.9,
      "min": 11.7,
    },
    "entered": 5,
    "resourceYieldMean": {
      "flour": 0.4,
      "hay_bundle": 2.6,
      "meat": 0.4,
      "soup": 0.2,
    },
    "runs": 5,
    "turnsPlayed": {
      "max": 10,
      "mean": 10,
      "median": 10,
      "min": 10,
    },
    "zoneId": "home",
  },
  "spread": {
    "entries": [
      {
        "flag": "high",
        "realizedValuePerTile": 160,
        "resourceKey": "jade",
        "resourceValue": 800,
        "tilesPerResource": 5,
      },
      {
        "flag": "high",
        "realizedValuePerTile": 133.3333,
        "resourceKey": "pearls",
        "resourceValue": 800,
        "tilesPerResource": 6,
      },
      {
        "flag": "high",
        "realizedValuePerTile": 40,
        "resourceKey": "horseshoe",
        "resourceValue": 400,
        "tilesPerResource": 10,
      },
      {
        "flag": "high",
        "realizedValuePerTile": 32,
        "resourceKey": "cocoa",
        "resourceValue": 160,
        "tilesPerResource": 5,
      },
      {
        "flag": "high",
        "realizedValuePerTile": 32,
        "resourceKey": "ink",
        "resourceValue": 160,
        "tilesPerResource": 5,
      },
      {
        "flag": "high",
        "realizedValuePerTile": 30,
        "resourceKey": "honey",
        "resourceValue": 300,
        "tilesPerResource": 10,
      },
      {
        "flag": "high",
        "realizedValuePerTile": 22,
        "resourceKey": "cut_gem",
        "resourceValue": 110,
        "tilesPerResource": 5,
      },
      {
        "flag": "normal",
        "realizedValuePerTile": 16.6667,
        "resourceKey": "milk",
        "resourceValue": 100,
        "tilesPerResource": 6,
      },
      {
        "flag": "normal",
        "realizedValuePerTile": 12.8571,
        "resourceKey": "pie",
        "resourceValue": 90,
        "tilesPerResource": 7,
      },
      {
        "flag": "normal",
        "realizedValuePerTile": 8,
        "resourceKey": "fish_fillet",
        "resourceValue": 40,
        "tilesPerResource": 5,
      },
      {
        "flag": "normal",
        "realizedValuePerTile": 6.6667,
        "resourceKey": "silver_bar",
        "resourceValue": 40,
        "tilesPerResource": 6,
      },
      {
        "flag": "normal",
        "realizedValuePerTile": 5.7143,
        "resourceKey": "coke",
        "resourceValue": 40,
        "tilesPerResource": 7,
      },
      {
        "flag": "normal",
        "realizedValuePerTile": 4.2,
        "resourceKey": "meat",
        "resourceValue": 21,
        "tilesPerResource": 5,
      },
      {
        "flag": "normal",
        "realizedValuePerTile": 3.3333,
        "resourceKey": "soup",
        "resourceValue": 20,
        "tilesPerResource": 6,
      },
      {
        "flag": "normal",
        "realizedValuePerTile": 2.2,
        "resourceKey": "sea_shells",
        "resourceValue": 11,
        "tilesPerResource": 5,
      },
      {
        "flag": "normal",
        "realizedValuePerTile": 2.2,
        "resourceKey": "fish_oil",
        "resourceValue": 11,
        "tilesPerResource": 5,
      },
      {
        "flag": "low",
        "realizedValuePerTile": 1.8333,
        "resourceKey": "iron_bar",
        "resourceValue": 11,
        "tilesPerResource": 6,
      },
      {
        "flag": "low",
        "realizedValuePerTile": 1.8333,
        "resourceKey": "copper_bar",
        "resourceValue": 11,
        "tilesPerResource": 6,
      },
      {
        "flag": "low",
        "realizedValuePerTile": 1.6,
        "resourceKey": "flour",
        "resourceValue": 8,
        "tilesPerResource": 5,
      },
      {
        "flag": "low",
        "realizedValuePerTile": 1.25,
        "resourceKey": "block",
        "resourceValue": 10,
        "tilesPerResource": 8,
      },
      {
        "flag": "low",
        "realizedValuePerTile": 1,
        "resourceKey": "hay_bundle",
        "resourceValue": 6,
        "tilesPerResource": 6,
      },
      {
        "flag": "low",
        "realizedValuePerTile": 1,
        "resourceKey": "plank",
        "resourceValue": 6,
        "tilesPerResource": 6,
      },
      {
        "flag": "low",
        "realizedValuePerTile": 0.7143,
        "resourceKey": "eggs",
        "resourceValue": 5,
        "tilesPerResource": 7,
      },
    ],
    "flagged": true,
    "max": 160,
    "median": 5.7143,
    "min": 0.7143,
    "ratio": 224,
  },
}
`;

exports[`progression spine — code-derived oracle > progression-shape snapshot (a reachability/gate/lock change must break this) 1`] = `
{
  "oracle": {
    "freshSavePlayableBoards": [
      "caves",
      "forge",
      "harbor",
      "home",
      "meadow",
      "mirefen",
      "orchard",
      "quarry",
    ],
    "freshSaveReachable": [
      "caves",
      "crossroads",
      "fairground",
      "forge",
      "harbor",
      "home",
      "meadow",
      "mirefen",
      "orchard",
      "pit",
      "quarry",
    ],
    "homeProducible": [
      "bread",
      "eggs",
      "flour",
      "hay_bundle",
      "honey",
      "horseshoe",
      "meat",
      "milk",
      "pie",
      "plank",
      "soup",
    ],
    "marketEscape": {
      "exists": false,
      "note": "MARKET_PRICES lists block/iron_bar/coke/bread as buyable and BUY_RESOURCE does not itself check the caravan post, but the buy UI is shown only once caravan_post is built (Inventory.tsx) — and caravan_post costs block+iron_bar. So the market is a latent escape valve that is itself mine-gated. Opening it (an early buyable starter good, or ungating the buy UI) is the cheapest lever.",
    },
    "softlock": null,
    "walls": [],
  },
  "zones": [
    {
      "gate": null,
      "id": "home",
      "maxSelfTier": 3,
      "reachableFromFreshSave": true,
      "wall": null,
    },
    {
      "gate": null,
      "id": "meadow",
      "maxSelfTier": 0,
      "reachableFromFreshSave": true,
      "wall": null,
    },
    {
      "gate": null,
      "id": "orchard",
      "maxSelfTier": 0,
      "reachableFromFreshSave": true,
      "wall": null,
    },
    {
      "gate": null,
      "id": "crossroads",
      "maxSelfTier": 0,
      "reachableFromFreshSave": true,
      "wall": null,
    },
    {
      "gate": {
        "tier": 3,
        "zone": "home",
      },
      "id": "quarry",
      "maxSelfTier": 5,
      "reachableFromFreshSave": true,
      "wall": null,
    },
    {
      "gate": {
        "tier": 1,
        "zone": "quarry",
      },
      "id": "caves",
      "maxSelfTier": 3,
      "reachableFromFreshSave": true,
      "wall": null,
    },
    {
      "gate": null,
      "id": "fairground",
      "maxSelfTier": 0,
      "reachableFromFreshSave": true,
      "wall": null,
    },
    {
      "gate": {
        "tier": 2,
        "zone": "quarry",
      },
      "id": "forge",
      "maxSelfTier": 0,
      "reachableFromFreshSave": true,
      "wall": null,
    },
    {
      "gate": null,
      "id": "pit",
      "maxSelfTier": 0,
      "reachableFromFreshSave": true,
      "wall": null,
    },
    {
      "gate": {
        "tier": 1,
        "zone": "quarry",
      },
      "id": "harbor",
      "maxSelfTier": 0,
      "reachableFromFreshSave": true,
      "wall": null,
    },
    {
      "gate": null,
      "id": "mirefen",
      "maxSelfTier": 3,
      "reachableFromFreshSave": true,
      "wall": null,
    },
    {
      "gate": null,
      "id": "oldcapital",
      "maxSelfTier": 0,
      "reachableFromFreshSave": false,
      "wall": null,
    },
  ],
}
`;
