// Vitest Snapshot v1, https://vitest.dev/guide/snapshot.html

exports[`townLayout.js - buildTownPlan > generates a deterministic plan with default arguments 1`] = `
{
  "boards": [],
  "edges": [
    [
      0,
      1,
    ],
    [
      1,
      2,
    ],
    [
      3,
      4,
    ],
    [
      4,
      5,
    ],
    [
      6,
      7,
    ],
    [
      7,
      8,
    ],
    [
      1,
      4,
    ],
    [
      4,
      7,
    ],
    [
      4,
      9,
    ],
  ],
  "ground": {
    "top": 146,
  },
  "height": 600,
  "lots": [
    {
      "cx": 554.1173906885087,
      "cy": 382.205042116344,
      "h": 112,
      "index": 0,
      "row": "plaza",
      "w": 104,
    },
    {
      "cx": 101.97309510037303,
      "cy": 333.2507660537958,
      "h": 120,
      "index": 1,
      "row": "front",
      "w": 116,
    },
    {
      "cx": 405.4378712233156,
      "cy": 332.3550376556814,
      "h": 120,
      "index": 2,
      "row": "front",
      "w": 116,
    },
    {
      "cx": 846.2082678638399,
      "cy": 337.8915680684149,
      "h": 120,
      "index": 3,
      "row": "front",
      "w": 116,
    },
    {
      "cx": 98.1130321957171,
      "cy": 257.54681285098195,
      "h": 104,
      "index": 4,
      "row": "mid",
      "w": 96,
    },
    {
      "cx": 409.97433769889176,
      "cy": 264.0174578912556,
      "h": 104,
      "index": 5,
      "row": "mid",
      "w": 96,
    },
    {
      "cx": 712.6688103750348,
      "cy": 269.4498766735196,
      "h": 104,
      "index": 6,
      "row": "mid",
      "w": 96,
    },
    {
      "cx": 1000.4520482812077,
      "cy": 266.7860100902617,
      "h": 104,
      "index": 7,
      "row": "mid",
      "w": 96,
    },
    {
      "cx": 97.66092734783888,
      "cy": 207.71344090998173,
      "h": 88,
      "index": 8,
      "row": "back",
      "w": 76,
    },
    {
      "cx": 398.27639726549387,
      "cy": 208.68355287238955,
      "h": 88,
      "index": 9,
      "row": "back",
      "w": 76,
    },
    {
      "cx": 713.9193814657629,
      "cy": 205.14474292472005,
      "h": 88,
      "index": 10,
      "row": "back",
      "w": 76,
    },
    {
      "cx": 1002.3031509555876,
      "cy": 206.92433365434408,
      "h": 88,
      "index": 11,
      "row": "back",
      "w": 76,
    },
  ],
  "plaza": {
    "cx": 552,
    "cy": 350,
    "rx": 134,
    "ry": 84,
  },
  "props": [
    {
      "kind": "well",
      "x": 552,
      "y": 342,
    },
    {
      "kind": "lamppost",
      "x": 424,
      "y": 360,
    },
    {
      "kind": "lamppost",
      "x": 680,
      "y": 360,
    },
    {
      "kind": "signpost",
      "x": 622,
      "y": 570,
    },
    {
      "kind": "cart",
      "x": 235.23615251295269,
      "y": 404,
    },
    {
      "kind": "planter",
      "x": 799.6746859606355,
      "y": 318,
    },
    {
      "kind": "planter",
      "x": 318.0407858360559,
      "y": 318,
    },
    {
      "kind": "lamppost",
      "x": 130,
      "y": 390,
    },
    {
      "kind": "lamppost",
      "x": 970,
      "y": 390,
    },
  ],
  "streets": [
    {
      "width": 48,
      "x1": 40,
      "x2": 1060,
      "y1": 398,
      "y2": 398,
    },
    {
      "width": 34,
      "x1": 80,
      "x2": 1020,
      "y1": 322,
      "y2": 322,
    },
    {
      "width": 24,
      "x1": 150,
      "x2": 950,
      "y1": 256,
      "y2": 256,
    },
    {
      "width": 30,
      "x1": 552,
      "x2": 552,
      "y1": 256,
      "y2": 584,
    },
  ],
  "waypoints": [
    {
      "x": 120,
      "y": 256,
    },
    {
      "x": 552,
      "y": 256,
    },
    {
      "x": 980,
      "y": 256,
    },
    {
      "x": 120,
      "y": 322,
    },
    {
      "x": 552,
      "y": 322,
    },
    {
      "x": 980,
      "y": 322,
    },
    {
      "x": 120,
      "y": 398,
    },
    {
      "x": 552,
      "y": 398,
    },
    {
      "x": 980,
      "y": 398,
    },
    {
      "x": 552,
      "y": 356,
    },
  ],
  "well": {
    "cx": 552,
    "cy": 342,
    "r": 16,
  },
  "width": 1100,
}
`;
